Starting a Gradle Daemon, 1 busy Daemon could not be reused, use --status for details
> Task :app:preBuild UP-TO-DATE
> Task :app:preDebugBuild UP-TO-DATE
> Task :app:mergeDebugNativeDebugMetadata NO-SOURCE
> Task :app:checkKotlinGradlePluginConfigurationErrors SKIPPED
> Task :app:generateDebugBuildConfig
> Task :app:checkDebugAarMetadata UP-TO-DATE
> Task :app:generateDebugResValues UP-TO-DATE
> Task :app:processDebugGoogleServices UP-TO-DATE
> Task :app:mapDebugSourceSetPaths UP-TO-DATE
> Task :app:generateDebugResources UP-TO-DATE
> Task :app:mergeDebugResources UP-TO-DATE
> Task :app:packageDebugResources UP-TO-DATE
> Task :app:parseDebugLocalResources UP-TO-DATE
> Task :app:createDebugCompatibleScreenManifests UP-TO-DATE
> Task :app:extractDeepLinksDebug
> Task :app:processDebugMainManifest
> Task :app:processDebugManifest UP-TO-DATE
> Task :app:processDebugManifestForPackage UP-TO-DATE
> Task :app:processDebugResources UP-TO-DATE
> Task :app:javaPreCompileDebug UP-TO-DATE
> Task :app:mergeDebugShaders UP-TO-DATE
> Task :app:compileDebugShaders NO-SOURCE
> Task :app:generateDebugAssets UP-TO-DATE
> Task :app:mergeDebugAssets UP-TO-DATE
> Task :app:compressDebugAssets UP-TO-DATE
> Task :app:desugarDebugFileDependencies UP-TO-DATE
> Task :app:checkDebugDuplicateClasses UP-TO-DATE
> Task :app:mergeExtDexDebug UP-TO-DATE
> Task :app:mergeLibDexDebug UP-TO-DATE
> Task :app:mergeDebugJniLibFolders UP-TO-DATE
> Task :app:mergeDebugNativeLibs UP-TO-DATE
> Task :app:stripDebugDebugSymbols UP-TO-DATE
> Task :app:validateSigningDebug UP-TO-DATE
> Task :app:writeDebugAppMetadata UP-TO-DATE
> Task :app:writeDebugSigningConfigVersions UP-TO-DATE
> Task :app:kspDebugKotlin
> Task :app:compileDebugKotlin FAILED
w: Detected multiple Kotlin daemon sessions at 

[Incubating] Problems report is available at: file:///app/applet/build/reports/problems/problems-report.html

FAILURE: Build failed with an exception.

* What went wrong:
Execution failed for task ':app:compileDebugKotlin'.
> Unable to delete directory '/app/applet/app/build/tmp/kotlin-classes/debug'
    Failed to delete some children. This might happen because a process has files open or has its working directory set in the target directory.
    - /app/applet/app/build/tmp/kotlin-classes/debug/com/example
    - /app/applet/app/build/tmp/kotlin-classes/debug/com
    New files were found. This might happen because a process is still writing to the target directory.
    - /app/applet/app/build/tmp/kotlin-classes/debug/META-INF
    - /app/applet/app/build/tmp/kotlin-classes/debug/META-INF/app_debug.kotlin_module
    - /app/applet/app/build/tmp/kotlin-classes/debug/com/example/viewmodel
    - /app/applet/app/build/tmp/kotlin-classes/debug/com/example/viewmodel/MainViewModel$1.class
    - /app/applet/app/build/tmp/kotlin-classes/debug/com/example/viewmodel/MainViewModel$testSpecificTelegramAlert$1.class
    - /app/applet/app/build/tmp/kotlin-classes/debug/com/example/viewmodel/MainViewModel$testTelegramBot$1.class
    - /app/applet/app/build/tmp/kotlin-classes/debug/com/example/viewmodel/MainViewModel$clearNotifications$1.class
    - /app/applet/app/build/tmp/kotlin-classes/debug/com/example/viewmodel/MainViewModel$markAllNotificationsAsRead$1.class
    - /app/applet/app/build/tmp/kotlin-classes/debug/com/example/viewmodel/MainViewModel$toggleFavorite$1.class
    - /app/applet/app/build/tmp/kotlin-classes/debug/com/example/viewmodel/MainViewModel$addSymbolToWatchlist$1.class
    - /app/applet/app/build/tmp/kotlin-classes/debug/com/example/viewmodel/MainViewModel$partialExitPosition$1.class
    - /app/applet/app/build/tmp/kotlin-classes/debug/com/example/viewmodel/MainViewModel$exitPosition$1.class
    - /app/applet/app/build/tmp/kotlin-classes/debug/com/example/viewmodel/MainViewModel$updateStopLossTarget$1.class
    - /app/applet/app/build/tmp/kotlin-classes/debug/com/example/viewmodel/MainViewModel$modifyOrder$1.class
    - /app/applet/app/build/tmp/kotlin-classes/debug/com/example/viewmodel/MainViewModel$cancelOrder$1.class
    - /app/applet/app/build/tmp/kotlin-classes/debug/com/example/viewmodel/MainViewModel$placeNewOrder$1.class
    - and more ...

* Try:
> Run with --stacktrace option to get the stack trace.
> Run with --info or --debug option to get more log output.
> Run with --scan to get full insights from a Build Scan (powered by Develocity).
> Get more help at https://help.gradle.org.

Deprecated Gradle features were used in this build, making it incompatible with Gradle 10.

You can use '--warning-mode all' to show the individual deprecation warnings and determine if they come from your own scripts or plugins.

For more on this, please refer to https://docs.gradle.org/9.3.1/userguide/command_line_interface.html#sec:command_line_warnings in the Gradle documentation.

BUILD FAILED in 51s
31 actionable tasks: 5 executed, 26 up-to-date
