Starting a Gradle Daemon, 2 stopped Daemons could not be reused, use --status for details
> Task :app:preBuild UP-TO-DATE
> Task :app:preDebugBuild UP-TO-DATE
> Task :app:mergeDebugNativeDebugMetadata NO-SOURCE
> Task :app:checkKotlinGradlePluginConfigurationErrors SKIPPED
> Task :app:generateDebugBuildConfig UP-TO-DATE
> Task :app:checkDebugAarMetadata UP-TO-DATE
> Task :app:generateDebugResValues UP-TO-DATE
> Task :app:processDebugGoogleServices UP-TO-DATE
> Task :app:mapDebugSourceSetPaths UP-TO-DATE
> Task :app:generateDebugResources UP-TO-DATE
> Task :app:mergeDebugResources UP-TO-DATE
> Task :app:packageDebugResources UP-TO-DATE
> Task :app:parseDebugLocalResources UP-TO-DATE
> Task :app:createDebugCompatibleScreenManifests UP-TO-DATE
> Task :app:extractDeepLinksDebug UP-TO-DATE
> Task :app:processDebugMainManifest UP-TO-DATE
> Task :app:processDebugManifest UP-TO-DATE
> Task :app:processDebugManifestForPackage UP-TO-DATE
> Task :app:processDebugResources UP-TO-DATE
> Task :app:kspDebugKotlin UP-TO-DATE
> Task :app:javaPreCompileDebug UP-TO-DATE
> Task :app:mergeDebugShaders UP-TO-DATE
> Task :app:compileDebugShaders NO-SOURCE
> Task :app:generateDebugAssets UP-TO-DATE
> Task :app:mergeDebugAssets UP-TO-DATE
> Task :app:compressDebugAssets UP-TO-DATE
> Task :app:desugarDebugFileDependencies UP-TO-DATE
> Task :app:checkDebugDuplicateClasses UP-TO-DATE
> Task :app:mergeExtDexDebug UP-TO-DATE
> Task :app:mergeLibDexDebug UP-TO-DATE
> Task :app:mergeDebugJniLibFolders UP-TO-DATE
> Task :app:mergeDebugNativeLibs UP-TO-DATE
> Task :app:stripDebugDebugSymbols UP-TO-DATE
> Task :app:validateSigningDebug UP-TO-DATE
> Task :app:writeDebugAppMetadata UP-TO-DATE
> Task :app:writeDebugSigningConfigVersions UP-TO-DATE
> Task :app:compileDebugKotlin
w: file:///app/applet/app/src/main/java/com/example/ui/components/TermsAndPolicyDialog.kt:74:17 'fun Divider(modifier: Modifier = ..., thickness: Dp = ..., color: Color = ...): Unit' is deprecated. Renamed to HorizontalDivider.
w: file:///app/applet/app/src/main/java/com/example/ui/components/TermsAndPolicyDialog.kt:137:42 'val Icons.Filled.TrendingUp: ImageVector' is deprecated. Use the AutoMirrored version at Icons.AutoMirrored.Filled.TrendingUp.
w: file:///app/applet/app/src/main/java/com/example/ui/components/TermsAndPolicyDialog.kt:240:17 'fun Divider(modifier: Modifier = ..., thickness: Dp = ..., color: Color = ...): Unit' is deprecated. Renamed to HorizontalDivider.
w: file:///app/applet/app/src/main/java/com/example/ui/screens/AISignalsScreen.kt:361:45 'val Icons.Filled.TrendingUp: ImageVector' is deprecated. Use the AutoMirrored version at Icons.AutoMirrored.Filled.TrendingUp.
w: file:///app/applet/app/src/main/java/com/example/ui/screens/AISignalsScreen.kt:361:75 'val Icons.Filled.TrendingDown: ImageVector' is deprecated. Use the AutoMirrored version at Icons.AutoMirrored.Filled.TrendingDown.
w: file:///app/applet/app/src/main/java/com/example/ui/screens/AISignalsScreen.kt:490:13 'fun Divider(modifier: Modifier = ..., thickness: Dp = ..., color: Color = ...): Unit' is deprecated. Renamed to HorizontalDivider.
w: file:///app/applet/app/src/main/java/com/example/ui/screens/AlgoScreen.kt:131:42 'val Icons.Filled.ArrowBack: ImageVector' is deprecated. Use the AutoMirrored version at Icons.AutoMirrored.Filled.ArrowBack.
w: file:///app/applet/app/src/main/java/com/example/ui/screens/AlgoScreen.kt:365:21 'fun Divider(modifier: Modifier = ..., thickness: Dp = ..., color: Color = ...): Unit' is deprecated. Renamed to HorizontalDivider.
w: file:///app/applet/app/src/main/java/com/example/ui/screens/AlgoScreen.kt:714:69 'val Icons.Outlined.ListAlt: ImageVector' is deprecated. Use the AutoMirrored version at Icons.AutoMirrored.Outlined.ListAlt.
w: file:///app/applet/app/src/main/java/com/example/ui/screens/AlgoScreen.kt:717:69 'val Icons.Outlined.ShowChart: ImageVector' is deprecated. Use the AutoMirrored version at Icons.AutoMirrored.Outlined.ShowChart.
w: file:///app/applet/app/src/main/java/com/example/ui/screens/AlgoScreen.kt:798:39 'val Icons.Filled.ArrowBack: ImageVector' is deprecated. Use the AutoMirrored version at Icons.AutoMirrored.Filled.ArrowBack.
w: file:///app/applet/app/src/main/java/com/example/ui/screens/DisclaimerScreen.kt:135:21 'fun Divider(modifier: Modifier = ..., thickness: Dp = ..., color: Color = ...): Unit' is deprecated. Renamed to HorizontalDivider.
w: file:///app/applet/app/src/main/java/com/example/ui/screens/DisclaimerScreen.kt:192:50 'val Icons.Filled.TrendingUp: ImageVector' is deprecated. Use the AutoMirrored version at Icons.AutoMirrored.Filled.TrendingUp.
w: file:///app/applet/app/src/main/java/com/example/ui/screens/DisclaimerScreen.kt:372:17 'fun Divider(modifier: Modifier = ..., thickness: Dp = ..., color: Color = ...): Unit' is deprecated. Renamed to HorizontalDivider.
w: file:///app/applet/app/src/main/java/com/example/ui/screens/HomeScreen.kt:248:51 'val Icons.Filled.ArrowForward: ImageVector' is deprecated. Use the AutoMirrored version at Icons.AutoMirrored.Filled.ArrowForward.
w: file:///app/applet/app/src/main/java/com/example/ui/screens/HomeScreen.kt:448:71 'val Icons.Filled.TrendingDown: ImageVector' is deprecated. Use the AutoMirrored version at Icons.AutoMirrored.Filled.TrendingDown.
w: file:///app/applet/app/src/main/java/com/example/ui/screens/HomeScreen.kt:448:103 'val Icons.Filled.TrendingUp: ImageVector' is deprecated. Use the AutoMirrored version at Icons.AutoMirrored.Filled.TrendingUp.
w: file:///app/applet/app/src/main/java/com/example/ui/screens/OrdersScreen.kt:313:39 'val Icons.Filled.ReceiptLong: ImageVector' is deprecated. Use the AutoMirrored version at Icons.AutoMirrored.Filled.ReceiptLong.
w: file:///app/applet/app/src/main/java/com/example/ui/screens/OrdersScreen.kt:370:21 'fun Divider(modifier: Modifier = ..., thickness: Dp = ..., color: Color = ...): Unit' is deprecated. Renamed to HorizontalDivider.
w: file:///app/applet/app/src/main/java/com/example/ui/screens/OrdersScreen.kt:841:13 'fun Divider(modifier: Modifier = ..., thickness: Dp = ..., color: Color = ...): Unit' is deprecated. Renamed to HorizontalDivider.
w: file:///app/applet/app/src/main/java/com/example/ui/screens/OrdersScreen.kt:1031:13 'fun Divider(modifier: Modifier = ..., thickness: Dp = ..., color: Color = ...): Unit' is deprecated. Renamed to HorizontalDivider.
w: file:///app/applet/app/src/main/java/com/example/ui/screens/TelegramSettingsScreen.kt:70:44 'val Icons.Filled.ArrowBack: ImageVector' is deprecated. Use the AutoMirrored version at Icons.AutoMirrored.Filled.ArrowBack.
w: file:///app/applet/app/src/main/java/com/example/ui/screens/TelegramSettingsScreen.kt:132:47 'val Icons.Filled.Send: ImageVector' is deprecated. Use the AutoMirrored version at Icons.AutoMirrored.Filled.Send.
w: file:///app/applet/app/src/main/java/com/example/ui/screens/TelegramSettingsScreen.kt:287:56 'val Icons.Filled.Send: ImageVector' is deprecated. Use the AutoMirrored version at Icons.AutoMirrored.Filled.Send.
w: file:///app/applet/app/src/main/java/com/example/ui/screens/TelegramSettingsScreen.kt:436:56 'val Icons.Filled.Send: ImageVector' is deprecated. Use the AutoMirrored version at Icons.AutoMirrored.Filled.Send.

> Task :app:compileDebugJavaWithJavac
> Task :app:dexBuilderDebug
> Task :app:mergeDebugGlobalSynthetics UP-TO-DATE
> Task :app:processDebugJavaRes

> Task :app:mergeProjectDexDebug FAILED
ERROR: D8: Invalid output: /app/applet/app/build/intermediates/dex/debug/mergeProjectDexDebug/8
Output must be a .zip or .jar archive or an existing directory
ERROR: D8: Invalid output: /app/applet/app/build/intermediates/dex/debug/mergeProjectDexDebug/14
Output must be a .zip or .jar archive or an existing directory
com.android.builder.dexing.DexArchiveMergerException: Error while merging dex archives: 
	at com.android.builder.dexing.D8DexArchiveMerger.getMergingExceptionToRethrow(D8DexArchiveMerger.java:223)
	at com.android.builder.dexing.D8DexArchiveMerger.mergeDexArchives(D8DexArchiveMerger.java:211)
	at com.android.build.gradle.internal.tasks.DexMergingWorkAction.merge(DexMergingTask.kt:894)
	at com.android.build.gradle.internal.tasks.DexMergingWorkAction.run(DexMergingTask.kt:846)
	at com.android.build.gradle.internal.profile.ProfileAwareWorkAction.execute(ProfileAwareWorkAction.kt:74)
	at org.gradle.workers.internal.DefaultWorkerServer.execute(DefaultWorkerServer.java:68)
	at org.gradle.workers.internal.NoIsolationWorkerFactory$1$1.create(NoIsolationWorkerFactory.java:64)
	at org.gradle.workers.internal.NoIsolationWorkerFactory$1$1.create(NoIsolationWorkerFactory.java:61)
	at org.gradle.internal.classloader.ClassLoaderUtils.executeInClassloader(ClassLoaderUtils.java:102)
	at org.gradle.workers.internal.NoIsolationWorkerFactory$1.lambda$execute$0(NoIsolationWorkerFactory.java:61)
	at org.gradle.workers.internal.AbstractWorker$1.call(AbstractWorker.java:44)
	at org.gradle.workers.internal.AbstractWorker$1.call(AbstractWorker.java:41)
	at org.gradle.internal.operations.DefaultBuildOperationRunner$CallableBuildOperationWorker.execute(DefaultBuildOperationRunner.java:209)
	at org.gradle.internal.operations.DefaultBuildOperationRunner$CallableBuildOperationWorker.execute(DefaultBuildOperationRunner.java:204)
	at org.gradle.internal.operations.DefaultBuildOperationRunner$2.execute(DefaultBuildOperationRunner.java:66)
	at org.gradle.internal.operations.DefaultBuildOperationRunner$2.execute(DefaultBuildOperationRunner.java:59)
	at org.gradle.internal.operations.DefaultBuildOperationRunner.execute(DefaultBuildOperationRunner.java:166)
	at org.gradle.internal.operations.DefaultBuildOperationRunner.execute(DefaultBuildOperationRunner.java:59)
	at org.gradle.internal.operations.DefaultBuildOperationRunner.call(DefaultBuildOperationRunner.java:53)
	at org.gradle.workers.internal.AbstractWorker.executeWrappedInBuildOperation(AbstractWorker.java:41)
	at org.gradle.workers.internal.NoIsolationWorkerFactory$1.execute(NoIsolationWorkerFactory.java:58)
	at org.gradle.workers.internal.DefaultWorkerExecutor.lambda$submitWork$0(DefaultWorkerExecutor.java:176)
	at java.base/java.util.concurrent.FutureTask.run(FutureTask.java:317)
	at org.gradle.internal.work.DefaultConditionalExecutionQueue$ExecutionRunner.runExecution(DefaultConditionalExecutionQueue.java:194)
	at org.gradle.internal.work.DefaultConditionalExecutionQueue$ExecutionRunner.access$700(DefaultConditionalExecutionQueue.java:127)
	at org.gradle.internal.work.DefaultConditionalExecutionQueue$ExecutionRunner$1.run(DefaultConditionalExecutionQueue.java:169)
	at org.gradle.internal.Factories$1.create(Factories.java:30)
	at org.gradle.internal.work.DefaultWorkerLeaseService.lambda$withLocksAcquired$0(DefaultWorkerLeaseService.java:269)
	at org.gradle.internal.work.ResourceLockStatistics$1.measure(ResourceLockStatistics.java:42)
	at org.gradle.internal.work.DefaultWorkerLeaseService.withLocksAcquired(DefaultWorkerLeaseService.java:267)
	at org.gradle.internal.work.DefaultWorkerLeaseService.withLocks(DefaultWorkerLeaseService.java:259)
	at org.gradle.internal.work.DefaultWorkerLeaseService.runAsWorkerThread(DefaultWorkerLeaseService.java:127)
	at org.gradle.internal.work.DefaultWorkerLeaseService.runAsWorkerThread(DefaultWorkerLeaseService.java:132)
	at org.gradle.internal.work.DefaultConditionalExecutionQueue$ExecutionRunner.runBatch(DefaultConditionalExecutionQueue.java:164)
	at org.gradle.internal.work.DefaultConditionalExecutionQueue$ExecutionRunner.run(DefaultConditionalExecutionQueue.java:133)
	at java.base/java.util.concurrent.Executors$RunnableAdapter.call(Executors.java:572)
	at java.base/java.util.concurrent.FutureTask.run(FutureTask.java:317)
	at org.gradle.internal.concurrent.ExecutorPolicy$CatchAndRecordFailures.onExecute(ExecutorPolicy.java:64)
	at org.gradle.internal.concurrent.AbstractManagedExecutor$1.run(AbstractManagedExecutor.java:47)
	at java.base/java.util.concurrent.ThreadPoolExecutor.runWorker(ThreadPoolExecutor.java:1144)
	at java.base/java.util.concurrent.ThreadPoolExecutor$Worker.run(ThreadPoolExecutor.java:642)
	at java.base/java.lang.Thread.run(Thread.java:1583)
Caused by: com.android.tools.r8.CompilationFailedException: Compilation failed to complete
	at Version.fakeStackEntry(Version_8.7.18.java:0)
	at com.android.tools.r8.T.a(R8_8.7.18_f8bee6d6fb926b7ebb3b15bf98f726f9d57471456ea20fce6d17d9a020197688:5)
	at com.android.tools.r8.internal.yu.a(R8_8.7.18_f8bee6d6fb926b7ebb3b15bf98f726f9d57471456ea20fce6d17d9a020197688:82)
	at com.android.tools.r8.internal.yu.a(R8_8.7.18_f8bee6d6fb926b7ebb3b15bf98f726f9d57471456ea20fce6d17d9a020197688:32)
	at com.android.tools.r8.internal.yu.a(R8_8.7.18_f8bee6d6fb926b7ebb3b15bf98f726f9d57471456ea20fce6d17d9a020197688:31)
	at com.android.tools.r8.BaseCommand$Builder.build(R8_8.7.18_f8bee6d6fb926b7ebb3b15bf98f726f9d57471456ea20fce6d17d9a020197688:2)
	at com.android.builder.dexing.D8DexArchiveMerger.mergeDexArchives(D8DexArchiveMerger.java:209)
	... 40 more
Caused by: com.android.tools.r8.internal.g: Invalid output: /app/applet/app/build/intermediates/dex/debug/mergeProjectDexDebug/8
Output must be a .zip or .jar archive or an existing directory
	at com.android.tools.r8.internal.bd0.a(R8_8.7.18_f8bee6d6fb926b7ebb3b15bf98f726f9d57471456ea20fce6d17d9a020197688:21)
	at com.android.tools.r8.internal.bd0.error(R8_8.7.18_f8bee6d6fb926b7ebb3b15bf98f726f9d57471456ea20fce6d17d9a020197688:1)
	at com.android.tools.r8.internal.Zv.a(R8_8.7.18_f8bee6d6fb926b7ebb3b15bf98f726f9d57471456ea20fce6d17d9a020197688:27)
	at com.android.tools.r8.BaseCompilerCommand$Builder.d(R8_8.7.18_f8bee6d6fb926b7ebb3b15bf98f726f9d57471456ea20fce6d17d9a020197688:7)
	at com.android.tools.r8.D8Command$Builder.d(R8_8.7.18_f8bee6d6fb926b7ebb3b15bf98f726f9d57471456ea20fce6d17d9a020197688:68)
	at com.android.tools.r8.BaseCommand$Builder.a(R8_8.7.18_f8bee6d6fb926b7ebb3b15bf98f726f9d57471456ea20fce6d17d9a020197688:1)
	at com.android.tools.r8.internal.yu.a(R8_8.7.18_f8bee6d6fb926b7ebb3b15bf98f726f9d57471456ea20fce6d17d9a020197688:28)
	... 42 more
	Suppressed: java.lang.RuntimeException: com.android.tools.r8.internal.g: Invalid output: /app/applet/app/build/intermediates/dex/debug/mergeProjectDexDebug/8
Output must be a .zip or .jar archive or an existing directory
		at com.android.tools.r8.internal.bd0.a(R8_8.7.18_f8bee6d6fb926b7ebb3b15bf98f726f9d57471456ea20fce6d17d9a020197688:29)
		at com.android.tools.r8.shaking.d3.a(R8_8.7.18_f8bee6d6fb926b7ebb3b15bf98f726f9d57471456ea20fce6d17d9a020197688:25)
		at com.android.tools.r8.D8Command$Builder.p(R8_8.7.18_f8bee6d6fb926b7ebb3b15bf98f726f9d57471456ea20fce6d17d9a020197688:18)
		at com.android.tools.r8.D8Command$Builder.makeCommand(R8_8.7.18_f8bee6d6fb926b7ebb3b15bf98f726f9d57471456ea20fce6d17d9a020197688:1)
		at com.android.tools.r8.BaseCommand$Builder.a(R8_8.7.18_f8bee6d6fb926b7ebb3b15bf98f726f9d57471456ea20fce6d17d9a020197688:2)
		... 43 more
	Caused by: [CIRCULAR REFERENCE: com.android.tools.r8.internal.g: Invalid output: /app/applet/app/build/intermediates/dex/debug/mergeProjectDexDebug/8
Output must be a .zip or .jar archive or an existing directory]

com.android.builder.dexing.DexArchiveMergerException: Error while merging dex archives: 
	at com.android.builder.dexing.D8DexArchiveMerger.getMergingExceptionToRethrow(D8DexArchiveMerger.java:223)
	at com.android.builder.dexing.D8DexArchiveMerger.mergeDexArchives(D8DexArchiveMerger.java:211)
	at com.android.build.gradle.internal.tasks.DexMergingWorkAction.merge(DexMergingTask.kt:894)
	at com.android.build.gradle.internal.tasks.DexMergingWorkAction.run(DexMergingTask.kt:846)
	at com.android.build.gradle.internal.profile.ProfileAwareWorkAction.execute(ProfileAwareWorkAction.kt:74)
	at org.gradle.workers.internal.DefaultWorkerServer.execute(DefaultWorkerServer.java:68)
	at org.gradle.workers.internal.NoIsolationWorkerFactory$1$1.create(NoIsolationWorkerFactory.java:64)
	at org.gradle.workers.internal.NoIsolationWorkerFactory$1$1.create(NoIsolationWorkerFactory.java:61)
	at org.gradle.internal.classloader.ClassLoaderUtils.executeInClassloader(ClassLoaderUtils.java:102)
	at org.gradle.workers.internal.NoIsolationWorkerFactory$1.lambda$execute$0(NoIsolationWorkerFactory.java:61)
	at org.gradle.workers.internal.AbstractWorker$1.call(AbstractWorker.java:44)
	at org.gradle.workers.internal.AbstractWorker$1.call(AbstractWorker.java:41)
	at org.gradle.internal.operations.DefaultBuildOperationRunner$CallableBuildOperationWorker.execute(DefaultBuildOperationRunner.java:209)
	at org.gradle.internal.operations.DefaultBuildOperationRunner$CallableBuildOperationWorker.execute(DefaultBuildOperationRunner.java:204)
	at org.gradle.internal.operations.DefaultBuildOperationRunner$2.execute(DefaultBuildOperationRunner.java:66)
	at org.gradle.internal.operations.DefaultBuildOperationRunner$2.execute(DefaultBuildOperationRunner.java:59)
	at org.gradle.internal.operations.DefaultBuildOperationRunner.execute(DefaultBuildOperationRunner.java:166)
	at org.gradle.internal.operations.DefaultBuildOperationRunner.execute(DefaultBuildOperationRunner.java:59)
	at org.gradle.internal.operations.DefaultBuildOperationRunner.call(DefaultBuildOperationRunner.java:53)
	at org.gradle.workers.internal.AbstractWorker.executeWrappedInBuildOperation(AbstractWorker.java:41)
	at org.gradle.workers.internal.NoIsolationWorkerFactory$1.execute(NoIsolationWorkerFactory.java:58)
	at org.gradle.workers.internal.DefaultWorkerExecutor.lambda$submitWork$0(DefaultWorkerExecutor.java:176)
	at java.base/java.util.concurrent.FutureTask.run(FutureTask.java:317)
	at org.gradle.internal.work.DefaultConditionalExecutionQueue$ExecutionRunner.runExecution(DefaultConditionalExecutionQueue.java:194)
	at org.gradle.internal.work.DefaultConditionalExecutionQueue$ExecutionRunner.access$700(DefaultConditionalExecutionQueue.java:127)
	at org.gradle.internal.work.DefaultConditionalExecutionQueue$ExecutionRunner$1.run(DefaultConditionalExecutionQueue.java:169)
	at org.gradle.internal.Factories$1.create(Factories.java:30)
	at org.gradle.internal.work.DefaultWorkerLeaseService.lambda$withLocksAcquired$0(DefaultWorkerLeaseService.java:269)
	at org.gradle.internal.work.ResourceLockStatistics$1.measure(ResourceLockStatistics.java:42)
	at org.gradle.internal.work.DefaultWorkerLeaseService.withLocksAcquired(DefaultWorkerLeaseService.java:267)
	at org.gradle.internal.work.DefaultWorkerLeaseService.withLocks(DefaultWorkerLeaseService.java:259)
	at org.gradle.internal.work.DefaultWorkerLeaseService.runAsWorkerThread(DefaultWorkerLeaseService.java:127)
	at org.gradle.internal.work.DefaultWorkerLeaseService.runAsWorkerThread(DefaultWorkerLeaseService.java:132)
	at org.gradle.internal.work.DefaultConditionalExecutionQueue$ExecutionRunner.runBatch(DefaultConditionalExecutionQueue.java:164)
	at org.gradle.internal.work.DefaultConditionalExecutionQueue$ExecutionRunner.run(DefaultConditionalExecutionQueue.java:133)
	at java.base/java.util.concurrent.Executors$RunnableAdapter.call(Executors.java:572)
	at java.base/java.util.concurrent.FutureTask.run(FutureTask.java:317)
	at org.gradle.internal.concurrent.ExecutorPolicy$CatchAndRecordFailures.onExecute(ExecutorPolicy.java:64)
	at org.gradle.internal.concurrent.AbstractManagedExecutor$1.run(AbstractManagedExecutor.java:47)
	at java.base/java.util.concurrent.ThreadPoolExecutor.runWorker(ThreadPoolExecutor.java:1144)
	at java.base/java.util.concurrent.ThreadPoolExecutor$Worker.run(ThreadPoolExecutor.java:642)
	at java.base/java.lang.Thread.run(Thread.java:1583)
Caused by: com.android.tools.r8.CompilationFailedException: Compilation failed to complete
	at Version.fakeStackEntry(Version_8.7.18.java:0)
	at com.android.tools.r8.T.a(R8_8.7.18_f8bee6d6fb926b7ebb3b15bf98f726f9d57471456ea20fce6d17d9a020197688:5)
	at com.android.tools.r8.internal.yu.a(R8_8.7.18_f8bee6d6fb926b7ebb3b15bf98f726f9d57471456ea20fce6d17d9a020197688:82)
	at com.android.tools.r8.internal.yu.a(R8_8.7.18_f8bee6d6fb926b7ebb3b15bf98f726f9d57471456ea20fce6d17d9a020197688:32)
	at com.android.tools.r8.internal.yu.a(R8_8.7.18_f8bee6d6fb926b7ebb3b15bf98f726f9d57471456ea20fce6d17d9a020197688:31)
	at com.android.tools.r8.BaseCommand$Builder.build(R8_8.7.18_f8bee6d6fb926b7ebb3b15bf98f726f9d57471456ea20fce6d17d9a020197688:2)
	at com.android.builder.dexing.D8DexArchiveMerger.mergeDexArchives(D8DexArchiveMerger.java:209)
	... 40 more
Caused by: com.android.tools.r8.internal.g: Invalid output: /app/applet/app/build/intermediates/dex/debug/mergeProjectDexDebug/14
Output must be a .zip or .jar archive or an existing directory
	at com.android.tools.r8.internal.bd0.a(R8_8.7.18_f8bee6d6fb926b7ebb3b15bf98f726f9d57471456ea20fce6d17d9a020197688:21)
	at com.android.tools.r8.internal.bd0.error(R8_8.7.18_f8bee6d6fb926b7ebb3b15bf98f726f9d57471456ea20fce6d17d9a020197688:1)
	at com.android.tools.r8.internal.Zv.a(R8_8.7.18_f8bee6d6fb926b7ebb3b15bf98f726f9d57471456ea20fce6d17d9a020197688:27)
	at com.android.tools.r8.BaseCompilerCommand$Builder.d(R8_8.7.18_f8bee6d6fb926b7ebb3b15bf98f726f9d57471456ea20fce6d17d9a020197688:7)
	at com.android.tools.r8.D8Command$Builder.d(R8_8.7.18_f8bee6d6fb926b7ebb3b15bf98f726f9d57471456ea20fce6d17d9a020197688:68)
	at com.android.tools.r8.BaseCommand$Builder.a(R8_8.7.18_f8bee6d6fb926b7ebb3b15bf98f726f9d57471456ea20fce6d17d9a020197688:1)
	at com.android.tools.r8.internal.yu.a(R8_8.7.18_f8bee6d6fb926b7ebb3b15bf98f726f9d57471456ea20fce6d17d9a020197688:28)
	... 42 more
	Suppressed: java.lang.RuntimeException: com.android.tools.r8.internal.g: Invalid output: /app/applet/app/build/intermediates/dex/debug/mergeProjectDexDebug/14
Output must be a .zip or .jar archive or an existing directory
		at com.android.tools.r8.internal.bd0.a(R8_8.7.18_f8bee6d6fb926b7ebb3b15bf98f726f9d57471456ea20fce6d17d9a020197688:29)
		at com.android.tools.r8.shaking.d3.a(R8_8.7.18_f8bee6d6fb926b7ebb3b15bf98f726f9d57471456ea20fce6d17d9a020197688:25)
		at com.android.tools.r8.D8Command$Builder.p(R8_8.7.18_f8bee6d6fb926b7ebb3b15bf98f726f9d57471456ea20fce6d17d9a020197688:18)
		at com.android.tools.r8.D8Command$Builder.makeCommand(R8_8.7.18_f8bee6d6fb926b7ebb3b15bf98f726f9d57471456ea20fce6d17d9a020197688:1)
		at com.android.tools.r8.BaseCommand$Builder.a(R8_8.7.18_f8bee6d6fb926b7ebb3b15bf98f726f9d57471456ea20fce6d17d9a020197688:2)
		... 43 more
	Caused by: [CIRCULAR REFERENCE: com.android.tools.r8.internal.g: Invalid output: /app/applet/app/build/intermediates/dex/debug/mergeProjectDexDebug/14
Output must be a .zip or .jar archive or an existing directory]

ERROR: D8: Invalid output: /app/applet/app/build/intermediates/dex/debug/mergeProjectDexDebug/10
Output must be a .zip or .jar archive or an existing directory
com.android.builder.dexing.DexArchiveMergerException: Error while merging dex archives: 
	at com.android.builder.dexing.D8DexArchiveMerger.getMergingExceptionToRethrow(D8DexArchiveMerger.java:223)
	at com.android.builder.dexing.D8DexArchiveMerger.mergeDexArchives(D8DexArchiveMerger.java:211)
	at com.android.build.gradle.internal.tasks.DexMergingWorkAction.merge(DexMergingTask.kt:894)
	at com.android.build.gradle.internal.tasks.DexMergingWorkAction.run(DexMergingTask.kt:846)
	at com.android.build.gradle.internal.profile.ProfileAwareWorkAction.execute(ProfileAwareWorkAction.kt:74)
	at org.gradle.workers.internal.DefaultWorkerServer.execute(DefaultWorkerServer.java:68)
	at org.gradle.workers.internal.NoIsolationWorkerFactory$1$1.create(NoIsolationWorkerFactory.java:64)
	at org.gradle.workers.internal.NoIsolationWorkerFactory$1$1.create(NoIsolationWorkerFactory.java:61)
	at org.gradle.internal.classloader.ClassLoaderUtils.executeInClassloader(ClassLoaderUtils.java:102)
	at org.gradle.workers.internal.NoIsolationWorkerFactory$1.lambda$execute$0(NoIsolationWorkerFactory.java:61)
	at org.gradle.workers.internal.AbstractWorker$1.call(AbstractWorker.java:44)
	at org.gradle.workers.internal.AbstractWorker$1.call(AbstractWorker.java:41)
	at org.gradle.internal.operations.DefaultBuildOperationRunner$CallableBuildOperationWorker.execute(DefaultBuildOperationRunner.java:209)
	at org.gradle.internal.operations.DefaultBuildOperationRunner$CallableBuildOperationWorker.execute(DefaultBuildOperationRunner.java:204)
	at org.gradle.internal.operations.DefaultBuildOperationRunner$2.execute(DefaultBuildOperationRunner.java:66)
	at org.gradle.internal.operations.DefaultBuildOperationRunner$2.execute(DefaultBuildOperationRunner.java:59)
	at org.gradle.internal.operations.DefaultBuildOperationRunner.execute(DefaultBuildOperationRunner.java:166)
	at org.gradle.internal.operations.DefaultBuildOperationRunner.execute(DefaultBuildOperationRunner.java:59)
	at org.gradle.internal.operations.DefaultBuildOperationRunner.call(DefaultBuildOperationRunner.java:53)
	at org.gradle.workers.internal.AbstractWorker.executeWrappedInBuildOperation(AbstractWorker.java:41)
	at org.gradle.workers.internal.NoIsolationWorkerFactory$1.execute(NoIsolationWorkerFactory.java:58)
	at org.gradle.workers.internal.DefaultWorkerExecutor.lambda$submitWork$0(DefaultWorkerExecutor.java:176)
	at java.base/java.util.concurrent.FutureTask.run(FutureTask.java:317)
	at org.gradle.internal.work.DefaultConditionalExecutionQueue$ExecutionRunner.runExecution(DefaultConditionalExecutionQueue.java:194)
	at org.gradle.internal.work.DefaultConditionalExecutionQueue$ExecutionRunner.access$700(DefaultConditionalExecutionQueue.java:127)
	at org.gradle.internal.work.DefaultConditionalExecutionQueue$ExecutionRunner$1.run(DefaultConditionalExecutionQueue.java:169)
	at org.gradle.internal.Factories$1.create(Factories.java:30)
	at org.gradle.internal.work.DefaultWorkerLeaseService.lambda$withLocksAcquired$0(DefaultWorkerLeaseService.java:269)
	at org.gradle.internal.work.ResourceLockStatistics$1.measure(ResourceLockStatistics.java:42)
	at org.gradle.internal.work.DefaultWorkerLeaseService.withLocksAcquired(DefaultWorkerLeaseService.java:267)
	at org.gradle.internal.work.DefaultWorkerLeaseService.withLocks(DefaultWorkerLeaseService.java:259)
	at org.gradle.internal.work.DefaultWorkerLeaseService.runAsWorkerThread(DefaultWorkerLeaseService.java:127)
	at org.gradle.internal.work.DefaultWorkerLeaseService.runAsWorkerThread(DefaultWorkerLeaseService.java:132)
	at org.gradle.internal.work.DefaultConditionalExecutionQueue$ExecutionRunner.runBatch(DefaultConditionalExecutionQueue.java:164)
	at org.gradle.internal.work.DefaultConditionalExecutionQueue$ExecutionRunner.run(DefaultConditionalExecutionQueue.java:133)
	at java.base/java.util.concurrent.Executors$RunnableAdapter.call(Executors.java:572)
	at java.base/java.util.concurrent.FutureTask.run(FutureTask.java:317)
	at org.gradle.internal.concurrent.ExecutorPolicy$CatchAndRecordFailures.onExecute(ExecutorPolicy.java:64)
	at org.gradle.internal.concurrent.AbstractManagedExecutor$1.run(AbstractManagedExecutor.java:47)
	at java.base/java.util.concurrent.ThreadPoolExecutor.runWorker(ThreadPoolExecutor.java:1144)
	at java.base/java.util.concurrent.ThreadPoolExecutor$Worker.run(ThreadPoolExecutor.java:642)
	at java.base/java.lang.Thread.run(Thread.java:1583)
Caused by: com.android.tools.r8.CompilationFailedException: Compilation failed to complete
	at Version.fakeStackEntry(Version_8.7.18.java:0)
	at com.android.tools.r8.T.a(R8_8.7.18_f8bee6d6fb926b7ebb3b15bf98f726f9d57471456ea20fce6d17d9a020197688:5)
	at com.android.tools.r8.internal.yu.a(R8_8.7.18_f8bee6d6fb926b7ebb3b15bf98f726f9d57471456ea20fce6d17d9a020197688:82)
	at com.android.tools.r8.internal.yu.a(R8_8.7.18_f8bee6d6fb926b7ebb3b15bf98f726f9d57471456ea20fce6d17d9a020197688:32)
	at com.android.tools.r8.internal.yu.a(R8_8.7.18_f8bee6d6fb926b7ebb3b15bf98f726f9d57471456ea20fce6d17d9a020197688:31)
	at com.android.tools.r8.BaseCommand$Builder.build(R8_8.7.18_f8bee6d6fb926b7ebb3b15bf98f726f9d57471456ea20fce6d17d9a020197688:2)
	at com.android.builder.dexing.D8DexArchiveMerger.mergeDexArchives(D8DexArchiveMerger.java:209)
	... 40 more
Caused by: com.android.tools.r8.internal.g: Invalid output: /app/applet/app/build/intermediates/dex/debug/mergeProjectDexDebug/10
Output must be a .zip or .jar archive or an existing directory
	at com.android.tools.r8.internal.bd0.a(R8_8.7.18_f8bee6d6fb926b7ebb3b15bf98f726f9d57471456ea20fce6d17d9a020197688:21)
	at com.android.tools.r8.internal.bd0.error(R8_8.7.18_f8bee6d6fb926b7ebb3b15bf98f726f9d57471456ea20fce6d17d9a020197688:1)
	at com.android.tools.r8.internal.Zv.a(R8_8.7.18_f8bee6d6fb926b7ebb3b15bf98f726f9d57471456ea20fce6d17d9a020197688:27)
	at com.android.tools.r8.BaseCompilerCommand$Builder.d(R8_8.7.18_f8bee6d6fb926b7ebb3b15bf98f726f9d57471456ea20fce6d17d9a020197688:7)
	at com.android.tools.r8.D8Command$Builder.d(R8_8.7.18_f8bee6d6fb926b7ebb3b15bf98f726f9d57471456ea20fce6d17d9a020197688:68)
	at com.android.tools.r8.BaseCommand$Builder.a(R8_8.7.18_f8bee6d6fb926b7ebb3b15bf98f726f9d57471456ea20fce6d17d9a020197688:1)
	at com.android.tools.r8.internal.yu.a(R8_8.7.18_f8bee6d6fb926b7ebb3b15bf98f726f9d57471456ea20fce6d17d9a020197688:28)
	... 42 more
	Suppressed: java.lang.RuntimeException: com.android.tools.r8.internal.g: Invalid output: /app/applet/app/build/intermediates/dex/debug/mergeProjectDexDebug/10
Output must be a .zip or .jar archive or an existing directory
		at com.android.tools.r8.internal.bd0.a(R8_8.7.18_f8bee6d6fb926b7ebb3b15bf98f726f9d57471456ea20fce6d17d9a020197688:29)
		at com.android.tools.r8.shaking.d3.a(R8_8.7.18_f8bee6d6fb926b7ebb3b15bf98f726f9d57471456ea20fce6d17d9a020197688:25)
		at com.android.tools.r8.D8Command$Builder.p(R8_8.7.18_f8bee6d6fb926b7ebb3b15bf98f726f9d57471456ea20fce6d17d9a020197688:18)
		at com.android.tools.r8.D8Command$Builder.makeCommand(R8_8.7.18_f8bee6d6fb926b7ebb3b15bf98f726f9d57471456ea20fce6d17d9a020197688:1)
		at com.android.tools.r8.BaseCommand$Builder.a(R8_8.7.18_f8bee6d6fb926b7ebb3b15bf98f726f9d57471456ea20fce6d17d9a020197688:2)
		... 43 more
	Caused by: [CIRCULAR REFERENCE: com.android.tools.r8.internal.g: Invalid output: /app/applet/app/build/intermediates/dex/debug/mergeProjectDexDebug/10
Output must be a .zip or .jar archive or an existing directory]

ERROR: D8: Invalid output: /app/applet/app/build/intermediates/dex/debug/mergeProjectDexDebug/5
Output must be a .zip or .jar archive or an existing directory
com.android.builder.dexing.DexArchiveMergerException: Error while merging dex archives: 
	at com.android.builder.dexing.D8DexArchiveMerger.getMergingExceptionToRethrow(D8DexArchiveMerger.java:223)
	at com.android.builder.dexing.D8DexArchiveMerger.mergeDexArchives(D8DexArchiveMerger.java:211)
	at com.android.build.gradle.internal.tasks.DexMergingWorkAction.merge(DexMergingTask.kt:894)
	at com.android.build.gradle.internal.tasks.DexMergingWorkAction.run(DexMergingTask.kt:846)
	at com.android.build.gradle.internal.profile.ProfileAwareWorkAction.execute(ProfileAwareWorkAction.kt:74)
	at org.gradle.workers.internal.DefaultWorkerServer.execute(DefaultWorkerServer.java:68)
	at org.gradle.workers.internal.NoIsolationWorkerFactory$1$1.create(NoIsolationWorkerFactory.java:64)
	at org.gradle.workers.internal.NoIsolationWorkerFactory$1$1.create(NoIsolationWorkerFactory.java:61)
	at org.gradle.internal.classloader.ClassLoaderUtils.executeInClassloader(ClassLoaderUtils.java:102)
	at org.gradle.workers.internal.NoIsolationWorkerFactory$1.lambda$execute$0(NoIsolationWorkerFactory.java:61)
	at org.gradle.workers.internal.AbstractWorker$1.call(AbstractWorker.java:44)
	at org.gradle.workers.internal.AbstractWorker$1.call(AbstractWorker.java:41)
	at org.gradle.internal.operations.DefaultBuildOperationRunner$CallableBuildOperationWorker.execute(DefaultBuildOperationRunner.java:209)
	at org.gradle.internal.operations.DefaultBuildOperationRunner$CallableBuildOperationWorker.execute(DefaultBuildOperationRunner.java:204)
	at org.gradle.internal.operations.DefaultBuildOperationRunner$2.execute(DefaultBuildOperationRunner.java:66)
	at org.gradle.internal.operations.DefaultBuildOperationRunner$2.execute(DefaultBuildOperationRunner.java:59)
	at org.gradle.internal.operations.DefaultBuildOperationRunner.execute(DefaultBuildOperationRunner.java:166)
	at org.gradle.internal.operations.DefaultBuildOperationRunner.execute(DefaultBuildOperationRunner.java:59)
	at org.gradle.internal.operations.DefaultBuildOperationRunner.call(DefaultBuildOperationRunner.java:53)
	at org.gradle.workers.internal.AbstractWorker.executeWrappedInBuildOperation(AbstractWorker.java:41)
	at org.gradle.workers.internal.NoIsolationWorkerFactory$1.execute(NoIsolationWorkerFactory.java:58)
	at org.gradle.workers.internal.DefaultWorkerExecutor.lambda$submitWork$0(DefaultWorkerExecutor.java:176)
	at java.base/java.util.concurrent.FutureTask.run(FutureTask.java:317)
	at org.gradle.internal.work.DefaultConditionalExecutionQueue$ExecutionRunner.runExecution(DefaultConditionalExecutionQueue.java:194)
	at org.gradle.internal.work.DefaultConditionalExecutionQueue$ExecutionRunner.access$700(DefaultConditionalExecutionQueue.java:127)
	at org.gradle.internal.work.DefaultConditionalExecutionQueue$ExecutionRunner$1.run(DefaultConditionalExecutionQueue.java:169)
	at org.gradle.internal.Factories$1.create(Factories.java:30)
	at org.gradle.internal.work.DefaultWorkerLeaseService.lambda$withLocksAcquired$0(DefaultWorkerLeaseService.java:269)
	at org.gradle.internal.work.ResourceLockStatistics$1.measure(ResourceLockStatistics.java:42)
	at org.gradle.internal.work.DefaultWorkerLeaseService.withLocksAcquired(DefaultWorkerLeaseService.java:267)
	at org.gradle.internal.work.DefaultWorkerLeaseService.withLocks(DefaultWorkerLeaseService.java:259)
	at org.gradle.internal.work.DefaultWorkerLeaseService.runAsWorkerThread(DefaultWorkerLeaseService.java:127)
	at org.gradle.internal.work.DefaultWorkerLeaseService.runAsWorkerThread(DefaultWorkerLeaseService.java:132)
	at org.gradle.internal.work.DefaultConditionalExecutionQueue$ExecutionRunner.runBatch(DefaultConditionalExecutionQueue.java:164)
	at org.gradle.internal.work.DefaultConditionalExecutionQueue$ExecutionRunner.run(DefaultConditionalExecutionQueue.java:133)
	at java.base/java.util.concurrent.Executors$RunnableAdapter.call(Executors.java:572)
	at java.base/java.util.concurrent.FutureTask.run(FutureTask.java:317)
	at org.gradle.internal.concurrent.ExecutorPolicy$CatchAndRecordFailures.onExecute(ExecutorPolicy.java:64)
	at org.gradle.internal.concurrent.AbstractManagedExecutor$1.run(AbstractManagedExecutor.java:47)
	at java.base/java.util.concurrent.ThreadPoolExecutor.runWorker(ThreadPoolExecutor.java:1144)
	at java.base/java.util.concurrent.ThreadPoolExecutor$Worker.run(ThreadPoolExecutor.java:642)
	at java.base/java.lang.Thread.run(Thread.java:1583)
Caused by: com.android.tools.r8.CompilationFailedException: Compilation failed to complete
	at Version.fakeStackEntry(Version_8.7.18.java:0)
	at com.android.tools.r8.T.a(R8_8.7.18_f8bee6d6fb926b7ebb3b15bf98f726f9d57471456ea20fce6d17d9a020197688:5)
	at com.android.tools.r8.internal.yu.a(R8_8.7.18_f8bee6d6fb926b7ebb3b15bf98f726f9d57471456ea20fce6d17d9a020197688:82)
	at com.android.tools.r8.internal.yu.a(R8_8.7.18_f8bee6d6fb926b7ebb3b15bf98f726f9d57471456ea20fce6d17d9a020197688:32)
	at com.android.tools.r8.internal.yu.a(R8_8.7.18_f8bee6d6fb926b7ebb3b15bf98f726f9d57471456ea20fce6d17d9a020197688:31)
	at com.android.tools.r8.BaseCommand$Builder.build(R8_8.7.18_f8bee6d6fb926b7ebb3b15bf98f726f9d57471456ea20fce6d17d9a020197688:2)
	at com.android.builder.dexing.D8DexArchiveMerger.mergeDexArchives(D8DexArchiveMerger.java:209)
	... 40 more
Caused by: com.android.tools.r8.internal.g: Invalid output: /app/applet/app/build/intermediates/dex/debug/mergeProjectDexDebug/5
Output must be a .zip or .jar archive or an existing directory
	at com.android.tools.r8.internal.bd0.a(R8_8.7.18_f8bee6d6fb926b7ebb3b15bf98f726f9d57471456ea20fce6d17d9a020197688:21)
	at com.android.tools.r8.internal.bd0.error(R8_8.7.18_f8bee6d6fb926b7ebb3b15bf98f726f9d57471456ea20fce6d17d9a020197688:1)
	at com.android.tools.r8.internal.Zv.a(R8_8.7.18_f8bee6d6fb926b7ebb3b15bf98f726f9d57471456ea20fce6d17d9a020197688:27)
	at com.android.tools.r8.BaseCompilerCommand$Builder.d(R8_8.7.18_f8bee6d6fb926b7ebb3b15bf98f726f9d57471456ea20fce6d17d9a020197688:7)
	at com.android.tools.r8.D8Command$Builder.d(R8_8.7.18_f8bee6d6fb926b7ebb3b15bf98f726f9d57471456ea20fce6d17d9a020197688:68)
	at com.android.tools.r8.BaseCommand$Builder.a(R8_8.7.18_f8bee6d6fb926b7ebb3b15bf98f726f9d57471456ea20fce6d17d9a020197688:1)
	at com.android.tools.r8.internal.yu.a(R8_8.7.18_f8bee6d6fb926b7ebb3b15bf98f726f9d57471456ea20fce6d17d9a020197688:28)
	... 42 more
	Suppressed: java.lang.RuntimeException: com.android.tools.r8.internal.g: Invalid output: /app/applet/app/build/intermediates/dex/debug/mergeProjectDexDebug/5
Output must be a .zip or .jar archive or an existing directory
		at com.android.tools.r8.internal.bd0.a(R8_8.7.18_f8bee6d6fb926b7ebb3b15bf98f726f9d57471456ea20fce6d17d9a020197688:29)
		at com.android.tools.r8.shaking.d3.a(R8_8.7.18_f8bee6d6fb926b7ebb3b15bf98f726f9d57471456ea20fce6d17d9a020197688:25)
		at com.android.tools.r8.D8Command$Builder.p(R8_8.7.18_f8bee6d6fb926b7ebb3b15bf98f726f9d57471456ea20fce6d17d9a020197688:18)
		at com.android.tools.r8.D8Command$Builder.makeCommand(R8_8.7.18_f8bee6d6fb926b7ebb3b15bf98f726f9d57471456ea20fce6d17d9a020197688:1)
		at com.android.tools.r8.BaseCommand$Builder.a(R8_8.7.18_f8bee6d6fb926b7ebb3b15bf98f726f9d57471456ea20fce6d17d9a020197688:2)
		... 43 more
	Caused by: [CIRCULAR REFERENCE: com.android.tools.r8.internal.g: Invalid output: /app/applet/app/build/intermediates/dex/debug/mergeProjectDexDebug/5
Output must be a .zip or .jar archive or an existing directory]

ERROR: /app/applet/app/build/intermediates/dex/debug/mergeProjectDexDebug/12: D8: java.nio.file.NoSuchFileException: /app/applet/app/build/intermediates/dex/debug/mergeProjectDexDebug/12
com.android.builder.dexing.DexArchiveMergerException: Error while merging dex archives: 
	at com.android.builder.dexing.D8DexArchiveMerger.getMergingExceptionToRethrow(D8DexArchiveMerger.java:223)
	at com.android.builder.dexing.D8DexArchiveMerger.mergeDexArchives(D8DexArchiveMerger.java:211)
	at com.android.build.gradle.internal.tasks.DexMergingWorkAction.merge(DexMergingTask.kt:894)
	at com.android.build.gradle.internal.tasks.DexMergingWorkAction.run(DexMergingTask.kt:846)
	at com.android.build.gradle.internal.profile.ProfileAwareWorkAction.execute(ProfileAwareWorkAction.kt:74)
	at org.gradle.workers.internal.DefaultWorkerServer.execute(DefaultWorkerServer.java:68)
	at org.gradle.workers.internal.NoIsolationWorkerFactory$1$1.create(NoIsolationWorkerFactory.java:64)
	at org.gradle.workers.internal.NoIsolationWorkerFactory$1$1.create(NoIsolationWorkerFactory.java:61)
	at org.gradle.internal.classloader.ClassLoaderUtils.executeInClassloader(ClassLoaderUtils.java:102)
	at org.gradle.workers.internal.NoIsolationWorkerFactory$1.lambda$execute$0(NoIsolationWorkerFactory.java:61)
	at org.gradle.workers.internal.AbstractWorker$1.call(AbstractWorker.java:44)
	at org.gradle.workers.internal.AbstractWorker$1.call(AbstractWorker.java:41)
	at org.gradle.internal.operations.DefaultBuildOperationRunner$CallableBuildOperationWorker.execute(DefaultBuildOperationRunner.java:209)
	at org.gradle.internal.operations.DefaultBuildOperationRunner$CallableBuildOperationWorker.execute(DefaultBuildOperationRunner.java:204)
	at org.gradle.internal.operations.DefaultBuildOperationRunner$2.execute(DefaultBuildOperationRunner.java:66)
	at org.gradle.internal.operations.DefaultBuildOperationRunner$2.execute(DefaultBuildOperationRunner.java:59)
	at org.gradle.internal.operations.DefaultBuildOperationRunner.execute(DefaultBuildOperationRunner.java:166)
	at org.gradle.internal.operations.DefaultBuildOperationRunner.execute(DefaultBuildOperationRunner.java:59)
	at org.gradle.internal.operations.DefaultBuildOperationRunner.call(DefaultBuildOperationRunner.java:53)
	at org.gradle.workers.internal.AbstractWorker.executeWrappedInBuildOperation(AbstractWorker.java:41)
	at org.gradle.workers.internal.NoIsolationWorkerFactory$1.execute(NoIsolationWorkerFactory.java:58)
	at org.gradle.workers.internal.DefaultWorkerExecutor.lambda$submitWork$0(DefaultWorkerExecutor.java:176)
	at java.base/java.util.concurrent.FutureTask.run(FutureTask.java:317)
	at org.gradle.internal.work.DefaultConditionalExecutionQueue$ExecutionRunner.runExecution(DefaultConditionalExecutionQueue.java:194)
	at org.gradle.internal.work.DefaultConditionalExecutionQueue$ExecutionRunner.access$700(DefaultConditionalExecutionQueue.java:127)
	at org.gradle.internal.work.DefaultConditionalExecutionQueue$ExecutionRunner$1.run(DefaultConditionalExecutionQueue.java:169)
	at org.gradle.internal.Factories$1.create(Factories.java:30)
	at org.gradle.internal.work.DefaultWorkerLeaseService.lambda$withLocksAcquired$0(DefaultWorkerLeaseService.java:269)
	at org.gradle.internal.work.ResourceLockStatistics$1.measure(ResourceLockStatistics.java:42)
	at org.gradle.internal.work.DefaultWorkerLeaseService.withLocksAcquired(DefaultWorkerLeaseService.java:267)
	at org.gradle.internal.work.DefaultWorkerLeaseService.withLocks(DefaultWorkerLeaseService.java:259)
	at org.gradle.internal.work.DefaultWorkerLeaseService.runAsWorkerThread(DefaultWorkerLeaseService.java:127)
	at org.gradle.internal.work.DefaultWorkerLeaseService.runAsWorkerThread(DefaultWorkerLeaseService.java:132)
	at org.gradle.internal.work.DefaultConditionalExecutionQueue$ExecutionRunner.runBatch(DefaultConditionalExecutionQueue.java:164)
	at org.gradle.internal.work.DefaultConditionalExecutionQueue$ExecutionRunner.run(DefaultConditionalExecutionQueue.java:133)
	at java.base/java.util.concurrent.Executors$RunnableAdapter.call(Executors.java:572)
	at java.base/java.util.concurrent.FutureTask.run(FutureTask.java:317)
	at org.gradle.internal.concurrent.ExecutorPolicy$CatchAndRecordFailures.onExecute(ExecutorPolicy.java:64)
	at org.gradle.internal.concurrent.AbstractManagedExecutor$1.run(AbstractManagedExecutor.java:47)
	at java.base/java.util.concurrent.ThreadPoolExecutor.runWorker(ThreadPoolExecutor.java:1144)
	at java.base/java.util.concurrent.ThreadPoolExecutor$Worker.run(ThreadPoolExecutor.java:642)
	at java.base/java.lang.Thread.run(Thread.java:1583)
Caused by: com.android.tools.r8.CompilationFailedException: Compilation failed to complete, origin: /app/applet/app/build/intermediates/dex/debug/mergeProjectDexDebug/12
	at Version.fakeStackEntry(Version_8.7.18.java:0)
	at com.android.tools.r8.T.a(R8_8.7.18_f8bee6d6fb926b7ebb3b15bf98f726f9d57471456ea20fce6d17d9a020197688:5)
	at com.android.tools.r8.internal.yu.a(R8_8.7.18_f8bee6d6fb926b7ebb3b15bf98f726f9d57471456ea20fce6d17d9a020197688:82)
	at com.android.tools.r8.internal.yu.a(R8_8.7.18_f8bee6d6fb926b7ebb3b15bf98f726f9d57471456ea20fce6d17d9a020197688:32)
	at com.android.tools.r8.internal.yu.a(R8_8.7.18_f8bee6d6fb926b7ebb3b15bf98f726f9d57471456ea20fce6d17d9a020197688:31)
	at com.android.tools.r8.internal.yu.b(R8_8.7.18_f8bee6d6fb926b7ebb3b15bf98f726f9d57471456ea20fce6d17d9a020197688:2)
	at com.android.tools.r8.D8.run(R8_8.7.18_f8bee6d6fb926b7ebb3b15bf98f726f9d57471456ea20fce6d17d9a020197688:11)
	at com.android.builder.dexing.D8DexArchiveMerger.mergeDexArchives(D8DexArchiveMerger.java:209)
	... 40 more
Caused by: java.nio.file.NoSuchFileException: /app/applet/app/build/intermediates/dex/debug/mergeProjectDexDebug/12
	at java.base/sun.nio.fs.UnixException.translateToIOException(UnixException.java:92)
	at java.base/sun.nio.fs.UnixException.asIOException(UnixException.java:115)
	at java.base/sun.nio.fs.UnixFileSystemProvider.newDirectoryStream(UnixFileSystemProvider.java:501)
	at java.base/java.nio.file.Files.newDirectoryStream(Files.java:482)
	at java.base/java.nio.file.Files.list(Files.java:3785)
	at org.gradle.internal.classpath.declarations.NioFileInterceptors.intercept_list(NioFileInterceptors.java:275)
	at com.android.tools.r8.DexIndexedConsumer$DirectoryConsumer.a(R8_8.7.18_f8bee6d6fb926b7ebb3b15bf98f726f9d57471456ea20fce6d17d9a020197688:1)
	at com.android.tools.r8.DexIndexedConsumer$DirectoryConsumer.accept(R8_8.7.18_f8bee6d6fb926b7ebb3b15bf98f726f9d57471456ea20fce6d17d9a020197688:8)
	at com.android.tools.r8.dex.k.b(R8_8.7.18_f8bee6d6fb926b7ebb3b15bf98f726f9d57471456ea20fce6d17d9a020197688:57)
	at com.android.tools.r8.internal.ep0.a(R8_8.7.18_f8bee6d6fb926b7ebb3b15bf98f726f9d57471456ea20fce6d17d9a020197688:2)
	at com.android.tools.r8.internal.ep0.a(R8_8.7.18_f8bee6d6fb926b7ebb3b15bf98f726f9d57471456ea20fce6d17d9a020197688:17)
	at com.google.common.util.concurrent.TrustedListenableFutureTask$TrustedFutureInterruptibleTask.runInterruptibly(TrustedListenableFutureTask.java:131)
	at com.google.common.util.concurrent.InterruptibleTask.run(InterruptibleTask.java:75)
	at com.google.common.util.concurrent.TrustedListenableFutureTask.run(TrustedListenableFutureTask.java:82)
	at com.google.common.util.concurrent.MoreExecutors$DirectExecutorService.execute(MoreExecutors.java:327)
	at java.base/java.util.concurrent.AbstractExecutorService.submit(AbstractExecutorService.java:145)
	at com.google.common.util.concurrent.AbstractListeningExecutorService.submit(AbstractListeningExecutorService.java:79)
	at com.google.common.util.concurrent.AbstractListeningExecutorService.submit(AbstractListeningExecutorService.java:37)
	at com.android.tools.r8.internal.fp0.submit(R8_8.7.18_f8bee6d6fb926b7ebb3b15bf98f726f9d57471456ea20fce6d17d9a020197688:1)
	at com.android.tools.r8.internal.Ro0.a(R8_8.7.18_f8bee6d6fb926b7ebb3b15bf98f726f9d57471456ea20fce6d17d9a020197688:1)
	at com.android.tools.r8.internal.ep0.a(R8_8.7.18_f8bee6d6fb926b7ebb3b15bf98f726f9d57471456ea20fce6d17d9a020197688:19)
	at com.android.tools.r8.internal.Yw.a(R8_8.7.18_f8bee6d6fb926b7ebb3b15bf98f726f9d57471456ea20fce6d17d9a020197688:3)
	at java.base/java.util.ArrayList.forEach(ArrayList.java:1596)
	at com.android.tools.r8.internal.Yw.a(R8_8.7.18_f8bee6d6fb926b7ebb3b15bf98f726f9d57471456ea20fce6d17d9a020197688:2)
	at com.android.tools.r8.internal.ep0.a(R8_8.7.18_f8bee6d6fb926b7ebb3b15bf98f726f9d57471456ea20fce6d17d9a020197688:10)
	at com.android.tools.r8.internal.ep0.a(R8_8.7.18_f8bee6d6fb926b7ebb3b15bf98f726f9d57471456ea20fce6d17d9a020197688:5)
	at com.android.tools.r8.internal.ep0.a(R8_8.7.18_f8bee6d6fb926b7ebb3b15bf98f726f9d57471456ea20fce6d17d9a020197688:1)
	at com.android.tools.r8.dex.k.a(R8_8.7.18_f8bee6d6fb926b7ebb3b15bf98f726f9d57471456ea20fce6d17d9a020197688:147)
	at com.android.tools.r8.dex.k.a(R8_8.7.18_f8bee6d6fb926b7ebb3b15bf98f726f9d57471456ea20fce6d17d9a020197688:272)
	at com.android.tools.r8.D8.d(R8_8.7.18_f8bee6d6fb926b7ebb3b15bf98f726f9d57471456ea20fce6d17d9a020197688:154)
	at com.android.tools.r8.D8.b(R8_8.7.18_f8bee6d6fb926b7ebb3b15bf98f726f9d57471456ea20fce6d17d9a020197688:1)
	at com.android.tools.r8.internal.yu.a(R8_8.7.18_f8bee6d6fb926b7ebb3b15bf98f726f9d57471456ea20fce6d17d9a020197688:28)
	... 43 more
	Suppressed: java.lang.RuntimeException: com.android.tools.r8.internal.g: java.nio.file.NoSuchFileException: /app/applet/app/build/intermediates/dex/debug/mergeProjectDexDebug/12
		at com.android.tools.r8.internal.bd0.a(R8_8.7.18_f8bee6d6fb926b7ebb3b15bf98f726f9d57471456ea20fce6d17d9a020197688:29)
		at com.android.tools.r8.dex.k.a(R8_8.7.18_f8bee6d6fb926b7ebb3b15bf98f726f9d57471456ea20fce6d17d9a020197688:283)
		... 46 more
	Caused by: com.android.tools.r8.internal.g: java.nio.file.NoSuchFileException: /app/applet/app/build/intermediates/dex/debug/mergeProjectDexDebug/12
		at com.android.tools.r8.internal.bd0.a(R8_8.7.18_f8bee6d6fb926b7ebb3b15bf98f726f9d57471456ea20fce6d17d9a020197688:21)
		at com.android.tools.r8.internal.bd0.error(R8_8.7.18_f8bee6d6fb926b7ebb3b15bf98f726f9d57471456ea20fce6d17d9a020197688:1)
		at com.android.tools.r8.DexIndexedConsumer$DirectoryConsumer.accept(R8_8.7.18_f8bee6d6fb926b7ebb3b15bf98f726f9d57471456ea20fce6d17d9a020197688:10)
		at com.android.tools.r8.dex.k.b(R8_8.7.18_f8bee6d6fb926b7ebb3b15bf98f726f9d57471456ea20fce6d17d9a020197688:57)
		at com.android.tools.r8.internal.ep0.a(R8_8.7.18_f8bee6d6fb926b7ebb3b15bf98f726f9d57471456ea20fce6d17d9a020197688:2)
		at com.android.tools.r8.internal.ep0.a(R8_8.7.18_f8bee6d6fb926b7ebb3b15bf98f726f9d57471456ea20fce6d17d9a020197688:17)
		at com.google.common.util.concurrent.TrustedListenableFutureTask$TrustedFutureInterruptibleTask.runInterruptibly(TrustedListenableFutureTask.java:131)
		at com.google.common.util.concurrent.InterruptibleTask.run(InterruptibleTask.java:75)
		at com.google.common.util.concurrent.TrustedListenableFutureTask.run(TrustedListenableFutureTask.java:82)
		at com.google.common.util.concurrent.MoreExecutors$DirectExecutorService.execute(MoreExecutors.java:327)
		at java.base/java.util.concurrent.AbstractExecutorService.submit(AbstractExecutorService.java:145)
		at com.google.common.util.concurrent.AbstractListeningExecutorService.submit(AbstractListeningExecutorService.java:79)
		at com.google.common.util.concurrent.AbstractListeningExecutorService.submit(AbstractListeningExecutorService.java:37)
		at com.android.tools.r8.internal.fp0.submit(R8_8.7.18_f8bee6d6fb926b7ebb3b15bf98f726f9d57471456ea20fce6d17d9a020197688:1)
		at com.android.tools.r8.internal.Ro0.a(R8_8.7.18_f8bee6d6fb926b7ebb3b15bf98f726f9d57471456ea20fce6d17d9a020197688:1)
		at com.android.tools.r8.internal.ep0.a(R8_8.7.18_f8bee6d6fb926b7ebb3b15bf98f726f9d57471456ea20fce6d17d9a020197688:19)
		at com.android.tools.r8.internal.Yw.a(R8_8.7.18_f8bee6d6fb926b7ebb3b15bf98f726f9d57471456ea20fce6d17d9a020197688:3)
		at java.base/java.util.ArrayList.forEach(ArrayList.java:1596)
		at com.android.tools.r8.internal.Yw.a(R8_8.7.18_f8bee6d6fb926b7ebb3b15bf98f726f9d57471456ea20fce6d17d9a020197688:2)
		at com.android.tools.r8.internal.ep0.a(R8_8.7.18_f8bee6d6fb926b7ebb3b15bf98f726f9d57471456ea20fce6d17d9a020197688:10)
		at com.android.tools.r8.internal.ep0.a(R8_8.7.18_f8bee6d6fb926b7ebb3b15bf98f726f9d57471456ea20fce6d17d9a020197688:5)
		at com.android.tools.r8.internal.ep0.a(R8_8.7.18_f8bee6d6fb926b7ebb3b15bf98f726f9d57471456ea20fce6d17d9a020197688:1)
		at com.android.tools.r8.dex.k.a(R8_8.7.18_f8bee6d6fb926b7ebb3b15bf98f726f9d57471456ea20fce6d17d9a020197688:147)
		at com.android.tools.r8.dex.k.a(R8_8.7.18_f8bee6d6fb926b7ebb3b15bf98f726f9d57471456ea20fce6d17d9a020197688:272)
		... 46 more
	Caused by: [CIRCULAR REFERENCE: java.nio.file.NoSuchFileException: /app/applet/app/build/intermediates/dex/debug/mergeProjectDexDebug/12]


> Task :app:mergeDebugJavaResource
w: Detected multiple Kotlin daemon sessions at 

[Incubating] Problems report is available at: file:///app/applet/build/reports/problems/problems-report.html

FAILURE: Build failed with an exception.

* What went wrong:
Execution failed for task ':app:mergeProjectDexDebug'.
> Cannot access output property 'outputDir' of task ':app:mergeProjectDexDebug'. Accessing unreadable inputs or outputs is not supported. Declare the task as untracked by using Task.doNotTrackState(). For more information, please refer to https://docs.gradle.org/9.3.1/userguide/incremental_build.html#sec:disable-state-tracking in the Gradle documentation.
   > Failed to create MD5 hash for file: /app/applet/app/build/intermediates/dex/debug/mergeProjectDexDebug/12/classes.dex (No such file or directory)

* Try:
> Run with --stacktrace option to get the stack trace.
> Run with --info or --debug option to get more log output.
> Run with --scan to get full insights from a Build Scan (powered by Develocity).
> Get more help at https://help.gradle.org.

Deprecated Gradle features were used in this build, making it incompatible with Gradle 10.

You can use '--warning-mode all' to show the individual deprecation warnings and determine if they come from your own scripts or plugins.

For more on this, please refer to https://docs.gradle.org/9.3.1/userguide/command_line_interface.html#sec:command_line_warnings in the Gradle documentation.

BUILD FAILED in 3m 13s
37 actionable tasks: 6 executed, 31 up-to-date
